[tasarimussu.com.tr/index.html]
[backblue.gif]
[fade.gif]
[index.html]
[tasarimussu.com.tr/img/ggANI0544.jpg]
[tasarimussu.com.tr/img/logo.png]
[tasarimussu.com.tr/img/menu_bckg.png]
[tasarimussu.com.tr/haberler_bizden.html]
[tasarimussu.com.tr/img/index_TR.png]
[tasarimussu.com.tr/img/menu_placeholder.gif]
[tasarimussu.com.tr/en/haberler_bizden.html]
[tasarimussu.com.tr/img/index_EN.png]
[tasarimussu.com.tr/img/tasarimussuANI.gif]
[tasarimussu.com.tr/index.html]
[tasarimussu.com.tr/favicon.html]
[tasarimussu.com.tr/src/layout.css]
[widget.supercounters.com/texthit.js]
[tasarimussu.com.tr/src/general.css]
[tasarimussu.com.tr/src/slides.css]
[tasarimussu.com.tr/src/perfect-scrollbar.css]
[tasarimussu.com.tr/dist/lity.css]
[ajax.googleapis.com/ajax/libs/jquery/1.8.0/jquery.min.js]
[tasarimussu.com.tr/src/jquery.mousewheel.js]
[tasarimussu.com.tr/img/menu_studyo_H.png]
[tasarimussu.com.tr/src/perfect-scrollbar.js]
[tasarimussu.com.tr/img/menu_haberler_H.png]
[tasarimussu.com.tr/img/menu_hizmetler_H.png]
[tasarimussu.com.tr/img/playSR.png]
[tasarimussu.com.tr/haberler_basin.html]
[tasarimussu.com.tr/haberler_internet.html]
[tasarimussu.com.tr/haberler_bultenler.html]
[tasarimussu.com.tr/img/EN.png]
[tasarimussu.com.tr/studyo_felsefe.html]
[tasarimussu.com.tr/img/menu_studyo.png]
[tasarimussu.com.tr/hizmetler.html]
[tasarimussu.com.tr/img/menu_hizmetler.png]
[tasarimussu.com.tr/iletisim.html]
[tasarimussu.com.tr/img/menu_iletisim.png]
[tasarimussu.com.tr/portfolyo_amb_50.html]
[tasarimussu.com.tr/img/menu_portfolyo_H.png]
[tasarimussu.com.tr/img/menu_portfolyo.png]
[tasarimussu.com.tr/img/Haberler/SR.png]
[tasarimussu.com.tr/img/turquality_1.png]
[tasarimussu.com.tr/img/tt.png]
[tasarimussu.com.tr/dist/lity.js]
[tasarimussu.com.tr/haberler_bizden.html]
[tasarimussu.com.tr/en/src/layout.css]
[tasarimussu.com.tr/en/src/general.css]
[tasarimussu.com.tr/en/src/slides.css]
[tasarimussu.com.tr/en/src/perfect-scrollbar.css]
[tasarimussu.com.tr/en/dist/lity.css]
[tasarimussu.com.tr/en/src/jquery.mousewheel.js]
[tasarimussu.com.tr/en/src/perfect-scrollbar.js]
[tasarimussu.com.tr/en/img/menu_studyo_H.png]
[tasarimussu.com.tr/en/img/menu_haberler_H.png]
[tasarimussu.com.tr/en/img/menu_hizmetler_H.png]
[tasarimussu.com.tr/en/haberler_basin.html]
[tasarimussu.com.tr/en/haberler_internet.html]
[tasarimussu.com.tr/en/haberler_bultenler.html]
[tasarimussu.com.tr/en/img/EN.png]
[tasarimussu.com.tr/en/studyo_felsefe.html]
[tasarimussu.com.tr/en/img/menu_placeholder.gif]
[tasarimussu.com.tr/en/img/menu_studyo.png]
[tasarimussu.com.tr/en/hizmetler.html]
[tasarimussu.com.tr/en/img/menu_hizmetler.png]
[tasarimussu.com.tr/en/iletisim.html]
[tasarimussu.com.tr/en/img/menu_iletisim.png]
[tasarimussu.com.tr/en/portfolyo_amb_50.html]
[tasarimussu.com.tr/en/img/menu_portfolyo_H.png]
[tasarimussu.com.tr/en/img/menu_portfolyo.png]
[tasarimussu.com.tr/en/img/turquality_1.png]
[tasarimussu.com.tr/vendor/jquery.js]
[tasarimussu.com.tr/en/img/tt.png]
[tasarimussu.com.tr/en/dist/lity.js]
[tasarimussu.com.tr/en/haberler_bizden.html]
[tasarimussu.com.tr/src/layout.css]
[tasarimussu.com.tr/src/general.css]
[tasarimussu.com.tr/img/menu_prev.png]
[tasarimussu.com.tr/img/menu_next.png]
[tasarimussu.com.tr/src/slides.css]
[tasarimussu.com.tr/src/perfect-scrollbar.css]
[tasarimussu.com.tr/dist/lity.css]
[tasarimussu.com.tr/src/sidebarright_AMB.css]
[tasarimussu.com.tr/img/menu_iletisim_H.png]
[www.tasarimussu.com.tr/pdf/2016/hurrıyetcukurova1.jpg]
[www.tasarimussu.com.tr/pdf/2016/gazete.jpg]
[tasarimussu.com.tr/en/vendor/jquery.js]
[www.tasarimussu.com.tr/pdf/2016/hurrıyetcukurova.jpg]
[www.tasarimussu.com.tr/pdf/2016/züccaciyedergisi.jpg]
[www.tasarimussu.com.tr/pdf/2015/toplu.jpg]
[www.tasarimussu.com.tr/pdf/2014/toplu.jpg]
[www.tasarimussu.com.tr/pdf/2013/001.jpg]
[www.tasarimussu.com.tr/pdf/2012/milliyet14032012.jpg]
[www.tasarimussu.com.tr/pdf/2012/sabah14032012.jpg]
[www.tasarimussu.com.tr/pdf/2012/vatan14032012.jpg]
[www.tasarimussu.com.tr/pdf/2012/dunya13012012.jpg]
[www.tasarimussu.com.tr/pdf/2012/hp080112012.jpg]
[tasarimussu.com.tr/haberler_basin.html]
[tasarimussu.com.tr/haberler_internet.html]
[tasarimussu.com.tr/haberler_bultenler.html]
[tasarimussu.com.tr/studyo_biyo.html]
[tasarimussu.com.tr/studyo_musteriler.html]
[tasarimussu.com.tr/studyo_oduller.html]
[tasarimussu.com.tr/img/menu_haberler.png]
[tasarimussu.com.tr/studyo_felsefe.html]
[tasarimussu.com.tr/hizmetler.html]
[tasarimussu.com.tr/iletisim.html]
[tasarimussu.com.tr/css/perfect-scrollbar.css]
[tasarimussu.com.tr/css/perfect-scrollbar.js]
[tasarimussu.com.tr/css/jquery.mousewheel.js]
[tasarimussu.com.tr/portfolyo_amb_49.html]
[tasarimussu.com.tr/portfolyo_amb_48.html]
[tasarimussu.com.tr/portfolyo_amb_47.html]
[tasarimussu.com.tr/portfolyo_amb_46.html]
[tasarimussu.com.tr/portfolyo_amb_45.html]
[tasarimussu.com.tr/portfolyo_amb_44.html]
[tasarimussu.com.tr/portfolyo_amb_43.html]
[tasarimussu.com.tr/portfolyo_amb_42.html]
[tasarimussu.com.tr/portfolyo_amb_41.html]
[tasarimussu.com.tr/portfolyo_amb_40.html]
[tasarimussu.com.tr/portfolyo_amb_39.html]
[tasarimussu.com.tr/portfolyo_amb_38.html]
[tasarimussu.com.tr/portfolyo_amb_37.html]
[tasarimussu.com.tr/portfolyo_amb_36.html]
[tasarimussu.com.tr/portfolyo_amb_35.html]
[tasarimussu.com.tr/portfolyo_amb_34.html]
[tasarimussu.com.tr/portfolyo_amb_33.html]
[tasarimussu.com.tr/portfolyo_amb_32.html]
[tasarimussu.com.tr/portfolyo_amb_31.html]
[tasarimussu.com.tr/portfolyo_amb_30.html]
[tasarimussu.com.tr/portfolyo_amb_29.html]
[tasarimussu.com.tr/portfolyo_amb_28.html]
[tasarimussu.com.tr/portfolyo_amb_27.html]
[tasarimussu.com.tr/portfolyo_amb_26.html]
[tasarimussu.com.tr/portfolyo_amb_25.html]
[tasarimussu.com.tr/portfolyo_amb_24.html]
[tasarimussu.com.tr/portfolyo_amb_23.html]
[tasarimussu.com.tr/portfolyo_amb_22.html]
[tasarimussu.com.tr/portfolyo_amb_21.html]
[tasarimussu.com.tr/portfolyo_amb_20.html]
[tasarimussu.com.tr/portfolyo_amb_19.html]
[tasarimussu.com.tr/portfolyo_amb_18.html]
[tasarimussu.com.tr/portfolyo_amb_17.html]
[tasarimussu.com.tr/portfolyo_amb_16.html]
[tasarimussu.com.tr/portfolyo_amb_15.html]
[tasarimussu.com.tr/portfolyo_amb_14.html]
[tasarimussu.com.tr/portfolyo_amb_13.html]
[tasarimussu.com.tr/portfolyo_amb_12.html]
[tasarimussu.com.tr/portfolyo_amb_11.html]
[tasarimussu.com.tr/portfolyo_amb_10.html]
[tasarimussu.com.tr/portfolyo_amb_09.html]
[tasarimussu.com.tr/portfolyo_amb_08.html]
[tasarimussu.com.tr/portfolyo_amb_07.html]
[tasarimussu.com.tr/portfolyo_amb_06.html]
[tasarimussu.com.tr/portfolyo_amb_05.html]
[tasarimussu.com.tr/portfolyo_amb_04.html]
[tasarimussu.com.tr/portfolyo_amb_03.html]
[tasarimussu.com.tr/portfolyo_amb_02.html]
[tasarimussu.com.tr/portfolyo_amb_01.html]
[tasarimussu.com.tr/portfolyo_urun_26.html]
[tasarimussu.com.tr/portfolyo_deneysel.html]
[tasarimussu.com.tr/img/cartedor/cartedor11.png]
[tasarimussu.com.tr/img/cartedor/cartedor12.png]
[tasarimussu.com.tr/img/cartedor/cartedor13.png]
[tasarimussu.com.tr/img/cartedor/cartedor14.png]
[tasarimussu.com.tr/img/cartedor/cartedor.png]
[tasarimussu.com.tr/img/cartedor/cartedor1.png]
[tasarimussu.com.tr/img/cartedor/cartedor2.png]
[tasarimussu.com.tr/img/cartedor/cartedor3.png]
[tasarimussu.com.tr/img/cartedor/cartedor4.png]
[tasarimussu.com.tr/img/cartedor/cartedor5.png]
[tasarimussu.com.tr/img/cartedor/cartedor6.png]
[tasarimussu.com.tr/img/cartedor/cartedor8.png]
[tasarimussu.com.tr/img/cartedor/cartedor9.png]
[tasarimussu.com.tr/js/jquery.slides.min.js]
[tasarimussu.com.tr/portfolyo_amb_50.html]
[tasarimussu.com.tr/assets/prism.html]
[tasarimussu.com.tr/en/favicon.html]
[tasarimussu.com.tr/en/img/logo.png]
[tasarimussu.com.tr/en/img/menu_bckg.png]
[code.jquery.com/jquery-1.9.1.min.js]
[tasarimussu.com.tr/en/src/layout.css]
[tasarimussu.com.tr/en/src/general.css]
[tasarimussu.com.tr/en/img/menu_prev.png]
[tasarimussu.com.tr/en/img/menu_next.png]
[tasarimussu.com.tr/en/src/slides.css]
[tasarimussu.com.tr/en/src/perfect-scrollbar.css]
[tasarimussu.com.tr/en/dist/lity.css]
[tasarimussu.com.tr/en/src/sidebarright_AMB.css]
[tasarimussu.com.tr/en/img/menu_iletisim_H.png]
[tasarimussu.com.tr/en/haberler_basin.html]
[tasarimussu.com.tr/en/haberler_internet.html]
[tasarimussu.com.tr/en/haberler_bultenler.html]
[tasarimussu.com.tr/en/studyo_biyo.html]
[tasarimussu.com.tr/en/studyo_musteriler.html]
[tasarimussu.com.tr/en/studyo_oduller.html]
[tasarimussu.com.tr/en/img/menu_haberler.png]
[tasarimussu.com.tr/en/studyo_felsefe.html]
[tasarimussu.com.tr/en/hizmetler.html]
[tasarimussu.com.tr/en/iletisim.html]
[tasarimussu.com.tr/en/css/perfect-scrollbar.css]
[tasarimussu.com.tr/en/css/perfect-scrollbar.js]
[tasarimussu.com.tr/en/css/jquery.mousewheel.js]
[tasarimussu.com.tr/en/portfolyo_amb_49.html]
[tasarimussu.com.tr/en/portfolyo_amb_48.html]
[tasarimussu.com.tr/en/portfolyo_amb_47.html]
[tasarimussu.com.tr/en/portfolyo_amb_46.html]
[tasarimussu.com.tr/en/portfolyo_amb_45.html]
[tasarimussu.com.tr/en/portfolyo_amb_44.html]
[tasarimussu.com.tr/en/portfolyo_amb_43.html]
[tasarimussu.com.tr/en/portfolyo_amb_42.html]
[tasarimussu.com.tr/en/portfolyo_amb_41.html]
[tasarimussu.com.tr/en/portfolyo_amb_40.html]
[tasarimussu.com.tr/en/portfolyo_amb_39.html]
[tasarimussu.com.tr/en/portfolyo_amb_38.html]
[tasarimussu.com.tr/en/portfolyo_amb_37.html]
[tasarimussu.com.tr/en/portfolyo_amb_36.html]
[tasarimussu.com.tr/en/portfolyo_amb_35.html]
[tasarimussu.com.tr/en/portfolyo_amb_34.html]
[tasarimussu.com.tr/en/portfolyo_amb_33.html]
[tasarimussu.com.tr/en/portfolyo_amb_32.html]
[tasarimussu.com.tr/en/portfolyo_amb_31.html]
[tasarimussu.com.tr/en/portfolyo_amb_30.html]
[tasarimussu.com.tr/en/portfolyo_amb_29.html]
[tasarimussu.com.tr/en/portfolyo_amb_28.html]
[tasarimussu.com.tr/en/portfolyo_amb_27.html]
[tasarimussu.com.tr/en/portfolyo_amb_26.html]
[tasarimussu.com.tr/en/portfolyo_amb_25.html]
[tasarimussu.com.tr/en/portfolyo_amb_24.html]
[tasarimussu.com.tr/en/portfolyo_amb_23.html]
[tasarimussu.com.tr/en/portfolyo_amb_22.html]
[tasarimussu.com.tr/en/portfolyo_amb_21.html]
[tasarimussu.com.tr/en/portfolyo_amb_20.html]
[tasarimussu.com.tr/en/portfolyo_amb_19.html]
[tasarimussu.com.tr/en/portfolyo_amb_18.html]
[tasarimussu.com.tr/en/portfolyo_amb_17.html]
[tasarimussu.com.tr/en/portfolyo_amb_16.html]
[tasarimussu.com.tr/en/portfolyo_amb_15.html]
[tasarimussu.com.tr/en/portfolyo_amb_14.html]
[tasarimussu.com.tr/en/portfolyo_amb_13.html]
[tasarimussu.com.tr/en/portfolyo_amb_12.html]
[tasarimussu.com.tr/en/portfolyo_amb_11.html]
[tasarimussu.com.tr/en/portfolyo_amb_10.html]
[tasarimussu.com.tr/en/portfolyo_amb_09.html]
[tasarimussu.com.tr/en/portfolyo_amb_08.html]
[tasarimussu.com.tr/en/portfolyo_amb_07.html]
[tasarimussu.com.tr/en/portfolyo_amb_06.html]
[tasarimussu.com.tr/en/portfolyo_amb_05.html]
[tasarimussu.com.tr/en/portfolyo_amb_04.html]
[tasarimussu.com.tr/en/portfolyo_amb_03.html]
[tasarimussu.com.tr/en/portfolyo_amb_02.html]
[tasarimussu.com.tr/en/portfolyo_amb_01.html]
[tasarimussu.com.tr/en/portfolyo_urun_26.html]
[tasarimussu.com.tr/en/portfolyo_deneysel.html]
[tasarimussu.com.tr/img/cartedor/cartedor11ing.png]
[tasarimussu.com.tr/img/cartedor/cartedor8ing.png]
[tasarimussu.com.tr/img/cartedor/cartedor9ing.png]
[tasarimussu.com.tr/en/js/jquery.slides.min.js]
[tasarimussu.com.tr/en/portfolyo_amb_50.html]
[tasarimussu.com.tr/en/assets/prism.html]
[tasarimussu.com.tr/img/pagination.html]
[tasarimussu.com.tr/img/sidebar_right_bckgAMB.png]
[tasarimussu.com.tr/src/sidebarright_AMB.css]
[tasarimussu.com.tr/a href=.html]
[tasarimussu.com.tr/img/teamboss/team_bos1.png]
[tasarimussu.com.tr/img/teamboss/team_bos7.png]
[tasarimussu.com.tr/img/team_bos0.png]
[tasarimussu.com.tr/img/teamboss/team_bos11.png]
[tasarimussu.com.tr/studyo_biyo.html]
[tasarimussu.com.tr/img/musteriler.gif]
[tasarimussu.com.tr/studyo_musteriler.html]
[tasarimussu.com.tr/studyo_oduller.html]
[tasarimussu.com.tr/css/perfect-scrollbar.css]
[tasarimussu.com.tr/img/binboa2/binboa1.png]
[tasarimussu.com.tr/img/binboa2/binboa2.png]
[tasarimussu.com.tr/img/binboa2/binboa3.png]
[tasarimussu.com.tr/img/binboa2/binboa4.png]
[tasarimussu.com.tr/portfolyo_amb_49.html]
[tasarimussu.com.tr/img/juss/Juss.png]
[tasarimussu.com.tr/img/juss/Juss1.png]
[tasarimussu.com.tr/img/juss/Juss2.png]
[tasarimussu.com.tr/img/juss/Juss3.png]
[tasarimussu.com.tr/portfolyo_amb_48.html]
[tasarimussu.com.tr/img/kilif/kilif2.png]
[tasarimussu.com.tr/img/kilif/kilif1.png]
[tasarimussu.com.tr/portfolyo_amb_47.html]
[tasarimussu.com.tr/img/atu/atu1.png]
[tasarimussu.com.tr/img/atu/atu2.png]
[tasarimussu.com.tr/portfolyo_amb_46.html]
[tasarimussu.com.tr/img/regnum/Regnum2.png]
[tasarimussu.com.tr/img/regnum/Regnum1.png]
[tasarimussu.com.tr/img/regnum/Regnum.png]
[tasarimussu.com.tr/portfolyo_amb_45.html]
[tasarimussu.com.tr/img/yrtsm/yrtsm.png]
[tasarimussu.com.tr/img/yrtsm/yrtsm2.png]
[tasarimussu.com.tr/portfolyo_amb_44.html]
[tasarimussu.com.tr/img/gobek/gobek2.png]
[tasarimussu.com.tr/img/gobek/gobek1.png]
[tasarimussu.com.tr/img/gobek/gobek3570.png]
[tasarimussu.com.tr/portfolyo_amb_43.html]
[tasarimussu.com.tr/img/istanbul/istanbul3.png]
[tasarimussu.com.tr/img/istanbul/istanbul4.png]
[tasarimussu.com.tr/img/istanbul/istanbul1.png]
[tasarimussu.com.tr/portfolyo_amb_42.html]
[tasarimussu.com.tr/img/octavia/octavia6.png]
[tasarimussu.com.tr/img/octavia/octavia1.png]
[tasarimussu.com.tr/img/octavia/octavia2.png]
[tasarimussu.com.tr/img/octavia/octavia5.png]
[tasarimussu.com.tr/portfolyo_amb_41.html]
[tasarimussu.com.tr/img/madlen/madlen1.png]
[tasarimussu.com.tr/img/madlen/madlen6.png]
[tasarimussu.com.tr/img/madlen/madlen2.png]
[tasarimussu.com.tr/img/madlen/madlen3.png]
[tasarimussu.com.tr/img/madlen/madlen4.png]
[tasarimussu.com.tr/portfolyo_amb_40.html]
[tasarimussu.com.tr/img/Humm/humm10.png]
[tasarimussu.com.tr/img/Humm/humm1.png]
[tasarimussu.com.tr/img/Humm/humm2.png]
[tasarimussu.com.tr/img/Humm/humm3.png]
[tasarimussu.com.tr/img/Humm/humm4.png]
[tasarimussu.com.tr/img/Humm/humm5.png]
[tasarimussu.com.tr/img/Humm/humm6.png]
[tasarimussu.com.tr/img/Humm/humm7.png]
[tasarimussu.com.tr/img/Humm/humm8.png]
[tasarimussu.com.tr/img/Humm/humm9.png]
[tasarimussu.com.tr/portfolyo_amb_39.html]
[tasarimussu.com.tr/img/Balbadem/Balbadem1.png]
[tasarimussu.com.tr/img/Balbadem/Balbadem2.png]
[tasarimussu.com.tr/portfolyo_amb_38.html]
[tasarimussu.com.tr/img/kavrulmusanason/anason1.png]
[tasarimussu.com.tr/img/kavrulmusanason/anason2.png]
[tasarimussu.com.tr/img/kavrulmusanason/anason3.png]
[tasarimussu.com.tr/portfolyo_amb_37.html]
[tasarimussu.com.tr/img/yorsan/ayran1.png]
[tasarimussu.com.tr/img/yorsan/ayran2.png]
[tasarimussu.com.tr/portfolyo_amb_36.html]
[tasarimussu.com.tr/img/tryılbası/tryılbası.png]
[tasarimussu.com.tr/img/tryılbası/treylul.png]
[tasarimussu.com.tr/portfolyo_amb_35.html]
[tasarimussu.com.tr/img/baileys/baileys1.png]
[tasarimussu.com.tr/img/baileys/baileys2.png]
[tasarimussu.com.tr/portfolyo_amb_34.html]
[tasarimussu.com.tr/img/Yenırakı150/yr150_1.png]
[tasarimussu.com.tr/img/Yenırakı150/yr150_2.png]
[tasarimussu.com.tr/img/Yenırakı150/yr150_3.png]
[tasarimussu.com.tr/portfolyo_amb_33.html]
[tasarimussu.com.tr/img/izmirrakı/ızmırrakı1.png]
[tasarimussu.com.tr/img/izmirrakı/ızmırrakı2.png]
[tasarimussu.com.tr/img/izmirrakı/ızmırrakı3.png]
[tasarimussu.com.tr/portfolyo_amb_32.html]
[tasarimussu.com.tr/img/aves/1lt_on.png]
[tasarimussu.com.tr/img/aves/1lt_pers.png]
[tasarimussu.com.tr/img/aves/2lt_on.png]
[tasarimussu.com.tr/img/aves/2lt_pers.png]
[tasarimussu.com.tr/portfolyo_amb_31.html]
[tasarimussu.com.tr/img/billmatik/billmatik1.png]
[tasarimussu.com.tr/img/billmatik/billmatik2.png]
[tasarimussu.com.tr/portfolyo_amb_30.html]
[tasarimussu.com.tr/img/artmatik/artmatik1.png]
[tasarimussu.com.tr/img/artmatik/artmatik2.png]
[tasarimussu.com.tr/portfolyo_amb_29.html]
[tasarimussu.com.tr/img/unilever/calve1.png]
[tasarimussu.com.tr/img/unilever/calve2.png]
[tasarimussu.com.tr/img/unilever/calve3.png]
[tasarimussu.com.tr/img/unilever/calve4.png]
[tasarimussu.com.tr/portfolyo_amb_28.html]
[tasarimussu.com.tr/img/istanblue/1.gorsel.png]
[tasarimussu.com.tr/img/istanblue/2.gorsel.png]
[tasarimussu.com.tr/img/istanblue/3.gorsel.png]
[tasarimussu.com.tr/portfolyo_amb_27.html]
[tasarimussu.com.tr/img/katia/katia1.png]
[tasarimussu.com.tr/img/katia/katia2.png]
[tasarimussu.com.tr/img/katia/katia3.png]
[tasarimussu.com.tr/img/katia/katia4.png]
[tasarimussu.com.tr/portfolyo_amb_26.html]
[tasarimussu.com.tr/img/bahcivan_bembeyaz/bembeyaz1.png]
[tasarimussu.com.tr/img/bahcivan_bembeyaz/bembeyaz2.png]
[tasarimussu.com.tr/img/bahcivan_bembeyaz/bembeyaz3.png]
[tasarimussu.com.tr/img/bahcivan_bembeyaz/bembeyaz4.png]
[tasarimussu.com.tr/img/bahcivan_bembeyaz/bembeyaz5.png]
[tasarimussu.com.tr/img/bahcivan_bembeyaz/bembeyaz6.png]
[tasarimussu.com.tr/portfolyo_amb_25.html]
[tasarimussu.com.tr/img/bahcivanciftlik/ciftlik peyniri1.png]
[tasarimussu.com.tr/img/bahcivanciftlik/ciftlik peyniri2.png]
[tasarimussu.com.tr/portfolyo_amb_24.html]
[tasarimussu.com.tr/img/Fawori/faworion.png]
[tasarimussu.com.tr/img/Fawori/faworiarka.png]
[tasarimussu.com.tr/img/Fawori/fawori1.png]
[tasarimussu.com.tr/img/Fawori/faworiTOPLU.png]
[tasarimussu.com.tr/portfolyo_amb_23.html]
[tasarimussu.com.tr/img/yr_rastgele/yrrastegele1.png]
[tasarimussu.com.tr/img/yr_rastgele/yrrastegele2.png]
[tasarimussu.com.tr/portfolyo_amb_22.html]
[tasarimussu.com.tr/img/Bahcivanlpt/lpt1son.png]
[tasarimussu.com.tr/img/Bahcivanlpt/lpt2psd.png]
[tasarimussu.com.tr/img/Bahcivanlpt/lpt3psd.png]
[tasarimussu.com.tr/img/Bahcivanlpt/lpt4psd.png]
[tasarimussu.com.tr/portfolyo_amb_21.html]
[tasarimussu.com.tr/img/tekirdagno10/trno10_1.png]
[tasarimussu.com.tr/img/tekirdagno10/trno10_2.png]
[tasarimussu.com.tr/img/tekirdagno10/trno10_3.png]
[tasarimussu.com.tr/portfolyo_amb_20.html]
[tasarimussu.com.tr/img/efesun/efesF_01.png]
[tasarimussu.com.tr/img/efesun/efesF_02.png]
[tasarimussu.com.tr/img/efesun/efesF_03.png]
[tasarimussu.com.tr/img/efesun/efesF_04.png]
[tasarimussu.com.tr/img/efesun/efesF_05.png]
[tasarimussu.com.tr/img/efesun/efesF_06.png]
[tasarimussu.com.tr/portfolyo_amb_19.html]
[tasarimussu.com.tr/img/efesun/efesMALT_01.png]
[tasarimussu.com.tr/img/efesun/efesMALT_02.png]
[tasarimussu.com.tr/img/efesun/efesMALT_03.png]
[tasarimussu.com.tr/portfolyo_amb_18.html]
[tasarimussu.com.tr/img/efesun/efesUN_01.png]
[tasarimussu.com.tr/img/efesun/efesUN_02.png]
[tasarimussu.com.tr/img/efesun/efesUN_03.png]
[tasarimussu.com.tr/portfolyo_amb_17.html]
[tasarimussu.com.tr/img/efesun/efes_BAHARAOZEL_01.png]
[tasarimussu.com.tr/img/efesun/efes_BAHARAOZEL_02.png]
[tasarimussu.com.tr/portfolyo_amb_16.html]
[tasarimussu.com.tr/img/asinfarm/asinfarm_01.png]
[tasarimussu.com.tr/img/asinfarm/asinfarm_02.png]
[tasarimussu.com.tr/img/asinfarm/asinfarm_03.png]
[tasarimussu.com.tr/img/asinfarm/asinfarm_04.png]
[tasarimussu.com.tr/portfolyo_amb_15.html]
[tasarimussu.com.tr/img/komili/komiliOU_01.png]
[tasarimussu.com.tr/img/komili/komiliOU_02.png]
[tasarimussu.com.tr/img/komili/komiliOU_03.png]
[tasarimussu.com.tr/img/komili/komiliOU_04.png]
[tasarimussu.com.tr/img/komili/komiliOU_05.png]
[tasarimussu.com.tr/img/komili/komiliOU_06.png]
[tasarimussu.com.tr/img/komili/komiliOU_07.png]
[tasarimussu.com.tr/portfolyo_amb_14.html]
[tasarimussu.com.tr/img/binboa/binboa_01.png]
[tasarimussu.com.tr/img/binboa/binboa_02.png]
[tasarimussu.com.tr/img/binboa/binboa_03.png]
[tasarimussu.com.tr/img/binboa/binboa_04.png]
[tasarimussu.com.tr/img/binboa/binboa_05.png]
[tasarimussu.com.tr/img/binboa/binboa_06.png]
[tasarimussu.com.tr/img/binboa/binboa_07.png]
[tasarimussu.com.tr/img/binboa/binboa_08.png]
[tasarimussu.com.tr/portfolyo_amb_13.html]
[tasarimussu.com.tr/img/lezzo/lezzo_01.png]
[tasarimussu.com.tr/img/lezzo/lezzo_02.png]
[tasarimussu.com.tr/img/lezzo/lezzo_03.png]
[tasarimussu.com.tr/portfolyo_amb_12.html]
[tasarimussu.com.tr/img/yeniraki_beykoz/yeniraki_beykoz_01.png]
[tasarimussu.com.tr/img/yeniraki_beykoz/yeniraki_beykoz_02.png]
[tasarimussu.com.tr/img/yeniraki_beykoz/yeniraki_beykoz_03.png]
[tasarimussu.com.tr/img/yeniraki_beykoz/yeniraki_beykoz_04.png]
[tasarimussu.com.tr/img/yeniraki_beykoz/yeniraki_beykoz_05.png]
[tasarimussu.com.tr/portfolyo_amb_11.html]
[tasarimussu.com.tr/img/altinbas/altinbas_01.png]
[tasarimussu.com.tr/img/altinbas/altinbas_02.png]
[tasarimussu.com.tr/portfolyo_amb_10.html]
[tasarimussu.com.tr/img/hare/hare_01.png]
[tasarimussu.com.tr/img/hare/hare_02.png]
[tasarimussu.com.tr/img/hare/hare_03.png]
[tasarimussu.com.tr/portfolyo_amb_09.html]
[tasarimussu.com.tr/img/opet/opet_01.png]
[tasarimussu.com.tr/img/opet/opet_02.png]
[tasarimussu.com.tr/img/opet/opet_03.png]
[tasarimussu.com.tr/portfolyo_amb_08.html]
[tasarimussu.com.tr/img/balkovan/balkovan1.png]
[tasarimussu.com.tr/img/balkovan/balkovan2.png]
[tasarimussu.com.tr/img/balkovan/balkovan3.png]
[tasarimussu.com.tr/img/balkovan/balkovan4.png]
[tasarimussu.com.tr/img/balkovan/balkovan5.png]
[tasarimussu.com.tr/img/balkovan/balkovan6.png]
[tasarimussu.com.tr/img/balkovan/balkovan7.png]
[tasarimussu.com.tr/portfolyo_amb_07.html]
[tasarimussu.com.tr/img/komili/komili_1.jpg]
[tasarimussu.com.tr/img/komili/komili_2.jpg]
[tasarimussu.com.tr/img/komili/komili_3.jpg]
[tasarimussu.com.tr/img/komili/komili_4.jpg]
[tasarimussu.com.tr/img/komili/komili_5.jpg]
[tasarimussu.com.tr/img/komili/komili_6.jpg]
[tasarimussu.com.tr/img/komili/komili_7.jpg]
[tasarimussu.com.tr/img/komili/komili_8.jpg]
[tasarimussu.com.tr/img/komili/komili_9.jpg]
[tasarimussu.com.tr/img/komili/komili_10.jpg]
[tasarimussu.com.tr/img/komili/komili_11.jpg]
[tasarimussu.com.tr/img/komili/komili_12.jpg]
[tasarimussu.com.tr/portfolyo_amb_06.html]
[tasarimussu.com.tr/img/tzs/tzs_01.png]
[tasarimussu.com.tr/img/tzs/tzs_02.png]
[tasarimussu.com.tr/portfolyo_amb_05.html]
[tasarimussu.com.tr/img/tekirdag/tekirdag_01.png]
[tasarimussu.com.tr/img/tekirdag/tekirdag_02.png]
[tasarimussu.com.tr/img/tekirdag/tekirdag_03.png]
[tasarimussu.com.tr/img/tekirdag/tekirdag_04.png]
[tasarimussu.com.tr/img/tekirdag/tekirdag_05.png]
[tasarimussu.com.tr/img/tekirdag/tekirdag_06.png]
[tasarimussu.com.tr/img/tekirdag/tekirdag_07.png]
[tasarimussu.com.tr/img/tekirdag/tekirdag_08.png]
[tasarimussu.com.tr/img/tekirdag/tekirdag_09.png]
[tasarimussu.com.tr/img/tekirdag/tekirdag_10.png]
[tasarimussu.com.tr/portfolyo_amb_04.html]
[tasarimussu.com.tr/img/cin/cin.png]
[tasarimussu.com.tr/img/cin/cin1.png]
[tasarimussu.com.tr/portfolyo_amb_03.html]
[tasarimussu.com.tr/img/1967/1967_01.png]
[tasarimussu.com.tr/img/1967/1967_02.png]
[tasarimussu.com.tr/portfolyo_amb_02.html]
[tasarimussu.com.tr/img/yeniraki/yeniraki_01.png]
[tasarimussu.com.tr/img/yeniraki/yeniraki_02.png]
[tasarimussu.com.tr/img/yeniraki/yeniraki_03.png]
[tasarimussu.com.tr/img/yeniraki/yeniraki_04.png]
[tasarimussu.com.tr/portfolyo_amb_01.html]
[tasarimussu.com.tr/portfolyo_urun_25.html]
[tasarimussu.com.tr/portfolyo_urun_24.html]
[tasarimussu.com.tr/portfolyo_urun_23.html]
[tasarimussu.com.tr/portfolyo_urun_22.html]
[tasarimussu.com.tr/portfolyo_urun_21.html]
[tasarimussu.com.tr/portfolyo_urun_20.html]
[tasarimussu.com.tr/portfolyo_urun_19.html]
[tasarimussu.com.tr/portfolyo_urun_18.html]
[tasarimussu.com.tr/portfolyo_urun_17.html]
[tasarimussu.com.tr/portfolyo_urun_16.html]
[tasarimussu.com.tr/portfolyo_urun_15.html]
[tasarimussu.com.tr/portfolyo_urun_14.html]
[tasarimussu.com.tr/portfolyo_urun_13.html]
[tasarimussu.com.tr/portfolyo_urun_12.html]
[tasarimussu.com.tr/portfolyo_urun_11.html]
[tasarimussu.com.tr/portfolyo_urun_10.html]
[tasarimussu.com.tr/portfolyo_urun_09.html]
[tasarimussu.com.tr/portfolyo_urun_08.html]
[tasarimussu.com.tr/portfolyo_urun_07.html]
[tasarimussu.com.tr/portfolyo_urun_06.html]
[tasarimussu.com.tr/portfolyo_urun_05.html]
[tasarimussu.com.tr/portfolyo_urun_04.html]
[tasarimussu.com.tr/portfolyo_urun_03.html]
[tasarimussu.com.tr/portfolyo_urun_02.html]
[tasarimussu.com.tr/portfolyo_urun_01.html]
[tasarimussu.com.tr/img/istanbul2/istanbulb1.png]
[tasarimussu.com.tr/img/istanbul2/istanbulb2.png]
[tasarimussu.com.tr/portfolyo_urun_26.html]
[tasarimussu.com.tr/portfolyo_AMB_efesU_220513.html]
[tasarimussu.com.tr/img/barbar/barbar5.png]
[tasarimussu.com.tr/img/barbar/barbar2.png]
[tasarimussu.com.tr/img/barbar/barbar4.png]
[tasarimussu.com.tr/img/barbar/barbar1.png]
[tasarimussu.com.tr/img/barbar/barbar6.png]
[tasarimussu.com.tr/img/deneysel/deneysel_01.png]
[tasarimussu.com.tr/img/deneysel/deneysel_02.png]
[tasarimussu.com.tr/img/deneysel/deneysel_03.png]
[tasarimussu.com.tr/img/deneysel/deneysel_04.png]
[tasarimussu.com.tr/img/deneysel/deneysel_05.png]
[tasarimussu.com.tr/img/deneysel/deneysel_06.png]
[tasarimussu.com.tr/img/deneysel/deneysel_07.png]
[tasarimussu.com.tr/portfolyo_deneysel.html]
[tasarimussu.com.tr/en/img/pagination.html]
[tasarimussu.com.tr/en/img/sidebar_right_bckgAMB.png]
[tasarimussu.com.tr/en/src/sidebarright_AMB.css]
[tasarimussu.com.tr/en/a href=.html]
[tasarimussu.com.tr/en/studyo_biyo.html]
[tasarimussu.com.tr/en/img/musteriler.gif]
[tasarimussu.com.tr/en/studyo_musteriler.html]
[tasarimussu.com.tr/en/studyo_oduller.html]
[tasarimussu.com.tr/en/css/perfect-scrollbar.css]
[tasarimussu.com.tr/en/portfolyo_amb_49.html]
[tasarimussu.com.tr/en/portfolyo_amb_48.html]
[tasarimussu.com.tr/img/kilif/kilif2ing.png]
[tasarimussu.com.tr/img/kilif/kilif1ing.png]
[tasarimussu.com.tr/en/portfolyo_amb_47.html]
[tasarimussu.com.tr/img/atu/atu1ing.png]
[tasarimussu.com.tr/img/atu/atu2ing.png]
[tasarimussu.com.tr/en/portfolyo_amb_46.html]
[tasarimussu.com.tr/img/regnum/Regnum2ing.png]
[tasarimussu.com.tr/img/regnum/Regnum1ing.png]
[tasarimussu.com.tr/img/regnum/Regnuming.png]
[tasarimussu.com.tr/en/portfolyo_amb_45.html]
[tasarimussu.com.tr/img/yrtsm/yrtsming.png]
[tasarimussu.com.tr/img/yrtsm/yrtsm2ing.png]
[tasarimussu.com.tr/en/portfolyo_amb_44.html]
[tasarimussu.com.tr/en/portfolyo_amb_43.html]
[tasarimussu.com.tr/img/istanbul/istanbul3ing.png]
[tasarimussu.com.tr/img/istanbul/istanbul4ing.png]
[tasarimussu.com.tr/img/istanbul/istanbul1ing.png]
[tasarimussu.com.tr/en/portfolyo_amb_42.html]
[tasarimussu.com.tr/img/octavia/octavia6ing.png]
[tasarimussu.com.tr/img/octavia/octavia1ing.png]
[tasarimussu.com.tr/img/octavia/octavia2ing.png]
[tasarimussu.com.tr/img/octavia/octavia5ing.png]
[tasarimussu.com.tr/en/portfolyo_amb_41.html]
[tasarimussu.com.tr/img/madlen/madlen1ing.png]
[tasarimussu.com.tr/img/madlen/madlen6ing.png]
[tasarimussu.com.tr/img/madlen/madlen2ing.png]
[tasarimussu.com.tr/img/madlen/madlen3ing.png]
[tasarimussu.com.tr/img/madlen/madlen4ing.png]
[tasarimussu.com.tr/en/portfolyo_amb_40.html]
[tasarimussu.com.tr/img/Humm/humm10ing.png]
[tasarimussu.com.tr/img/Humm/humm1ing.png]
[tasarimussu.com.tr/img/Humm/humm2ing.png]
[tasarimussu.com.tr/img/Humm/humm3ing.png]
[tasarimussu.com.tr/img/Humm/humm4ing.png]
[tasarimussu.com.tr/img/Humm/humm5ing.png]
[tasarimussu.com.tr/img/Humm/humm6ing.png]
[tasarimussu.com.tr/img/Humm/humm7ing.png]
[tasarimussu.com.tr/img/Humm/humm8ing.png]
[tasarimussu.com.tr/img/Humm/humm9ing.png]
[tasarimussu.com.tr/en/portfolyo_amb_39.html]
[tasarimussu.com.tr/img/Balbadem/Balbadem1ıng.png]
[tasarimussu.com.tr/img/Balbadem/Balbadem2ıng.png]
[tasarimussu.com.tr/en/portfolyo_amb_38.html]
[tasarimussu.com.tr/en/portfolyo_amb_37.html]
[tasarimussu.com.tr/img/yorsan/ayran1ıng.png]
[tasarimussu.com.tr/img/yorsan/ayran2ıng.png]
[tasarimussu.com.tr/en/portfolyo_amb_36.html]
[tasarimussu.com.tr/en/portfolyo_amb_35.html]
[tasarimussu.com.tr/en/portfolyo_amb_34.html]
[tasarimussu.com.tr/img/Yenırakı150/yr150_1_ıng.png]
[tasarimussu.com.tr/img/Yenırakı150/yr150_2_ıng.png]
[tasarimussu.com.tr/img/Yenırakı150/yr150_3_ıng.png]
[tasarimussu.com.tr/en/portfolyo_amb_33.html]
[tasarimussu.com.tr/img/izmirrakı/ızmırrakı1_ıng.png]
[tasarimussu.com.tr/img/izmirrakı/ızmırrakı2_ıng.png]
[tasarimussu.com.tr/img/izmirrakı/ızmırrakı3_ıng.png]
[tasarimussu.com.tr/en/portfolyo_amb_32.html]
[tasarimussu.com.tr/img/aves/1lt_on_ıng.png]
[tasarimussu.com.tr/img/aves/1lt_pers_ıng.png]
[tasarimussu.com.tr/img/aves/2lt_on_ıng.png]
[tasarimussu.com.tr/img/aves/2lt_pers_ıng.png]
[tasarimussu.com.tr/en/portfolyo_amb_31.html]
[tasarimussu.com.tr/en/portfolyo_amb_30.html]
[tasarimussu.com.tr/en/portfolyo_amb_29.html]
[tasarimussu.com.tr/en/portfolyo_amb_28.html]
[tasarimussu.com.tr/img/istanblue/1.gorsel_ıng.png]
[tasarimussu.com.tr/img/istanblue/2.gorsel_ıng.png]
[tasarimussu.com.tr/img/istanblue/3.gorsel_ıng.png]
[tasarimussu.com.tr/en/portfolyo_amb_27.html]
[tasarimussu.com.tr/en/portfolyo_amb_26.html]
[tasarimussu.com.tr/en/portfolyo_amb_25.html]
[tasarimussu.com.tr/en/portfolyo_amb_24.html]
[tasarimussu.com.tr/en/portfolyo_amb_23.html]
[tasarimussu.com.tr/img/yr_rastgele/yrrastegele1_ıng.png]
[tasarimussu.com.tr/img/yr_rastgele/yrrastegele2_ıng.png]
[tasarimussu.com.tr/en/portfolyo_amb_22.html]
[tasarimussu.com.tr/en/portfolyo_amb_21.html]
[tasarimussu.com.tr/img/tekirdagno10/trno10_1ıng.png]
[tasarimussu.com.tr/img/tekirdagno10/trno10_2ıng.png]
[tasarimussu.com.tr/img/tekirdagno10/trno10_3ıng.png]
[tasarimussu.com.tr/en/portfolyo_amb_20.html]
[tasarimussu.com.tr/en/portfolyo_amb_19.html]
[tasarimussu.com.tr/en/portfolyo_amb_18.html]
[tasarimussu.com.tr/en/portfolyo_amb_17.html]
[tasarimussu.com.tr/en/portfolyo_amb_16.html]
[tasarimussu.com.tr/en/portfolyo_amb_15.html]
[tasarimussu.com.tr/en/portfolyo_amb_14.html]
[tasarimussu.com.tr/en/portfolyo_amb_13.html]
[tasarimussu.com.tr/en/portfolyo_amb_12.html]
[tasarimussu.com.tr/en/portfolyo_amb_11.html]
[tasarimussu.com.tr/en/portfolyo_amb_10.html]
[tasarimussu.com.tr/en/portfolyo_amb_09.html]
[tasarimussu.com.tr/en/portfolyo_amb_08.html]
[tasarimussu.com.tr/en/portfolyo_amb_07.html]
[tasarimussu.com.tr/en/portfolyo_amb_06.html]
[tasarimussu.com.tr/en/portfolyo_amb_05.html]
[tasarimussu.com.tr/en/portfolyo_amb_04.html]
[tasarimussu.com.tr/en/portfolyo_amb_03.html]
[tasarimussu.com.tr/en/portfolyo_amb_02.html]
[tasarimussu.com.tr/en/portfolyo_amb_01.html]
[tasarimussu.com.tr/en/portfolyo_urun_25.html]
[tasarimussu.com.tr/en/portfolyo_urun_24.html]
[tasarimussu.com.tr/en/portfolyo_urun_23.html]
[tasarimussu.com.tr/en/portfolyo_urun_22.html]
[tasarimussu.com.tr/en/portfolyo_urun_21.html]
[tasarimussu.com.tr/en/portfolyo_urun_20.html]
[tasarimussu.com.tr/en/portfolyo_urun_19.html]
[tasarimussu.com.tr/en/portfolyo_urun_18.html]
[tasarimussu.com.tr/en/portfolyo_urun_17.html]
[tasarimussu.com.tr/en/portfolyo_urun_16.html]
[tasarimussu.com.tr/en/portfolyo_urun_15.html]
[tasarimussu.com.tr/en/portfolyo_urun_14.html]
[tasarimussu.com.tr/en/portfolyo_urun_13.html]
[tasarimussu.com.tr/en/portfolyo_urun_12.html]
[tasarimussu.com.tr/en/portfolyo_urun_11.html]
[tasarimussu.com.tr/en/portfolyo_urun_10.html]
[tasarimussu.com.tr/en/portfolyo_urun_09.html]
[tasarimussu.com.tr/en/portfolyo_urun_08.html]
[tasarimussu.com.tr/en/portfolyo_urun_07.html]
[tasarimussu.com.tr/en/portfolyo_urun_06.html]
[tasarimussu.com.tr/en/portfolyo_urun_05.html]
[tasarimussu.com.tr/en/portfolyo_urun_04.html]
[tasarimussu.com.tr/en/portfolyo_urun_03.html]
[tasarimussu.com.tr/en/portfolyo_urun_02.html]
[tasarimussu.com.tr/en/portfolyo_urun_01.html]
[tasarimussu.com.tr/img/istanbul2/istanbulb1ing.png]
[tasarimussu.com.tr/img/istanbul2/istanbulb2ing.png]
[tasarimussu.com.tr/en/portfolyo_urun_26.html]
[tasarimussu.com.tr/en/portfolyo_AMB_efesU_220513.html]
[tasarimussu.com.tr/en/portfolyo_deneysel.html]
[tasarimussu.com.tr/img/etiahenk/etiahenk1.png]
[tasarimussu.com.tr/img/etiahenk/etiahenk2.png]
[tasarimussu.com.tr/img/etiahenk/etiahenk3.png]
[tasarimussu.com.tr/img/etiahenk/etiahenk4.png]
[tasarimussu.com.tr/img/etiahenk/etiahenk5.png]
[tasarimussu.com.tr/portfolyo_urun_25.html]
[tasarimussu.com.tr/img/etikaremela/etikaremela1.png]
[tasarimussu.com.tr/img/etikaremela/etikaremela2.png]
[tasarimussu.com.tr/img/etikaremela/etikaremela3.png]
[tasarimussu.com.tr/portfolyo_urun_24.html]
[tasarimussu.com.tr/img/trposm/trposm.png]
[tasarimussu.com.tr/img/trposm/trposm2.png]
[tasarimussu.com.tr/portfolyo_urun_23.html]
[tasarimussu.com.tr/img/gulfood/Gulfood1.png]
[tasarimussu.com.tr/img/gulfood/Gulfood2.png]
[tasarimussu.com.tr/img/gulfood/Gulfood3.png]
[tasarimussu.com.tr/img/gulfood/Gulfood4.png]
[tasarimussu.com.tr/portfolyo_urun_22.html]
[tasarimussu.com.tr/img/ISM/ISM2.png]
[tasarimussu.com.tr/img/ISM/ISM1.png]
[tasarimussu.com.tr/img/ISM/ISM3.png]
[tasarimussu.com.tr/img/ISM/ISM4.png]
[tasarimussu.com.tr/portfolyo_urun_21.html]
[tasarimussu.com.tr/img/Starbucks/starbucks0.png]
[tasarimussu.com.tr/img/Starbucks/starbucks1.png]
[tasarimussu.com.tr/img/Starbucks/starbucks2.png]
[tasarimussu.com.tr/img/Starbucks/starbucks3.png]
[tasarimussu.com.tr/portfolyo_urun_20.html]
[tasarimussu.com.tr/img/rapsel/rapsel1.png]
[tasarimussu.com.tr/img/rapsel/rapsel2.png]
[tasarimussu.com.tr/img/rapsel/rapsel3.png]
[tasarimussu.com.tr/portfolyo_urun_19.html]
[tasarimussu.com.tr/img/etizaga/Etizaga2t.png]
[tasarimussu.com.tr/img/etizaga/Etizaga3t.png]
[tasarimussu.com.tr/img/etizaga/Etizagat.png]
[tasarimussu.com.tr/portfolyo_urun_18.html]
[tasarimussu.com.tr/img/yruk/uk1.png]
[tasarimussu.com.tr/img/yruk/uk2.png]
[tasarimussu.com.tr/portfolyo_urun_17.html]
[tasarimussu.com.tr/img/eticrax/crax.png]
[tasarimussu.com.tr/img/eticrax/crax2.png]
[tasarimussu.com.tr/portfolyo_urun_16.html]
[tasarimussu.com.tr/img/etikeyfince/keyfince1.png]
[tasarimussu.com.tr/img/etikeyfince/keyfince2.png]
[tasarimussu.com.tr/img/etikeyfince/keyfince5.png]
[tasarimussu.com.tr/portfolyo_urun_15.html]
[tasarimussu.com.tr/img/etisticks/etisticks1.png]
[tasarimussu.com.tr/img/etisticks/etisticks2.png]
[tasarimussu.com.tr/img/etisticks/etisticks3.png]
[tasarimussu.com.tr/portfolyo_urun_14.html]
[tasarimussu.com.tr/img/etipetito/etipetitoailesi.png]
[tasarimussu.com.tr/img/etipetito/etipetitopati1.png]
[tasarimussu.com.tr/img/etipetito/etipetitopati2.png]
[tasarimussu.com.tr/img/etipetito/etipetitokalpli.png]
[tasarimussu.com.tr/img/etipetito/etipetitobambu.png]
[tasarimussu.com.tr/img/etipetito/etipetitoMİNİ1.png]
[tasarimussu.com.tr/img/etipetito/etipetitoMİNİ2.png]
[tasarimussu.com.tr/img/etipetito/etipetitoMİNİ3.png]
[tasarimussu.com.tr/img/etipetito/etipetitoMİNİ4.png]
[tasarimussu.com.tr/img/etipetito/etipetitotoptutan.png]
[tasarimussu.com.tr/portfolyo_urun_13.html]
[tasarimussu.com.tr/img/atlas/atlas_01.png]
[tasarimussu.com.tr/img/atlas/atlas_02.png]
[tasarimussu.com.tr/img/atlas/atlas_03.png]
[tasarimussu.com.tr/img/atlas/atlas_04.png]
[tasarimussu.com.tr/img/atlas/atlas_05.png]
[tasarimussu.com.tr/img/atlas/atlas_06.png]
[tasarimussu.com.tr/img/atlas/atlas_07.png]
[tasarimussu.com.tr/img/atlas/atlas_08.png]
[tasarimussu.com.tr/img/atlas/atlas_09.png]
[tasarimussu.com.tr/img/atlas/atlas_10.png]
[tasarimussu.com.tr/img/atlas/atlas_11.png]
[tasarimussu.com.tr/img/atlas/atlas_12.png]
[tasarimussu.com.tr/img/atlas/atlas_13.png]
[tasarimussu.com.tr/img/atlas/atlas_14.png]
[tasarimussu.com.tr/img/atlas/atlas_15.png]
[tasarimussu.com.tr/img/atlas/atlas_16.png]
[tasarimussu.com.tr/img/atlas/atlas_17.png]
[tasarimussu.com.tr/portfolyo_urun_12.html]
[tasarimussu.com.tr/img/eti/etiS_01.png]
[tasarimussu.com.tr/img/eti/etiS_02.png]
[tasarimussu.com.tr/img/eti/etiS_03.png]
[tasarimussu.com.tr/portfolyo_urun_11.html]
[tasarimussu.com.tr/img/eti/etiK_01.png]
[tasarimussu.com.tr/img/eti/etiK_02.png]
[tasarimussu.com.tr/img/eti/etiK_03.png]
[tasarimussu.com.tr/img/eti/etiK_04.png]
[tasarimussu.com.tr/portfolyo_urun_10.html]
[tasarimussu.com.tr/img/eti/etiT_01.png]
[tasarimussu.com.tr/img/eti/etiT_02.png]
[tasarimussu.com.tr/portfolyo_urun_09.html]
[tasarimussu.com.tr/img/eti/etiT_03.png]
[tasarimussu.com.tr/img/bodino/bodino_01.png]
[tasarimussu.com.tr/img/bodino/bodino_02.png]
[tasarimussu.com.tr/img/bodino/bodino_03.png]
[tasarimussu.com.tr/portfolyo_urun_08.html]
[tasarimussu.com.tr/img/ritzenhoff/ritzenhoff_01.png]
[tasarimussu.com.tr/img/ritzenhoff/ritzenhoff_02.png]
[tasarimussu.com.tr/img/ritzenhoff/ritzenhoff_03.png]
[tasarimussu.com.tr/img/ritzenhoff/ritzenhoff_04.png]
[tasarimussu.com.tr/img/ritzenhoff/ritzenhoff_05.png]
[tasarimussu.com.tr/img/ritzenhoff/ritzenhoff_06.png]
[tasarimussu.com.tr/img/ritzenhoff/ritzenhoff_07.png]
[tasarimussu.com.tr/img/ritzenhoff/ritzenhoff_08.png]
[tasarimussu.com.tr/img/ritzenhoff/ritzenhoff_09.png]
[tasarimussu.com.tr/img/ritzenhoff/ritzenhoff_10.png]
[tasarimussu.com.tr/img/ritzenhoff/ritzenhoff_11.png]
[tasarimussu.com.tr/img/ritzenhoff/ritzenhoff_12.png]
[tasarimussu.com.tr/portfolyo_urun_07.html]
[tasarimussu.com.tr/img/wilco/wilco_01.png]
[tasarimussu.com.tr/img/wilco/wilco_02.png]
[tasarimussu.com.tr/img/wilco/wilco_03.png]
[tasarimussu.com.tr/img/wilco/wilco_04.png]
[tasarimussu.com.tr/img/wilco/wilco_05.png]
[tasarimussu.com.tr/portfolyo_urun_06.html]
[tasarimussu.com.tr/img/bocchi/bocchi_01.png]
[tasarimussu.com.tr/img/bocchi/bocchi_02.png]
[tasarimussu.com.tr/img/bocchi/bocchi_03.png]
[tasarimussu.com.tr/portfolyo_urun_05.html]
[tasarimussu.com.tr/img/corian/corian_01.png]
[tasarimussu.com.tr/img/corian/corian_02.png]
[tasarimussu.com.tr/portfolyo_urun_04.html]
[tasarimussu.com.tr/img/psl/psl_01.png]
[tasarimussu.com.tr/img/psl/psl_02.png]
[tasarimussu.com.tr/img/psl/psl_03.png]
[tasarimussu.com.tr/img/psl/psl_04.png]
[tasarimussu.com.tr/img/psl/psl_05.png]
[tasarimussu.com.tr/portfolyo_urun_03.html]
[tasarimussu.com.tr/img/doganlar/doganlar_01.png]
[tasarimussu.com.tr/img/doganlar/doganlar_02.png]
[tasarimussu.com.tr/img/doganlar/doganlar_03.png]
[tasarimussu.com.tr/img/doganlar/doganlar_04.png]
[tasarimussu.com.tr/img/doganlar/doganlar_05.png]
[tasarimussu.com.tr/img/doganlar/doganlar_06.png]
[tasarimussu.com.tr/img/doganlar/doganlar_07.png]
[tasarimussu.com.tr/img/doganlar/doganlar_08.png]
[tasarimussu.com.tr/img/doganlar/doganlar_09.png]
[tasarimussu.com.tr/img/doganlar/doganlar_10.png]
[tasarimussu.com.tr/img/doganlar/doganlar_11.png]
[tasarimussu.com.tr/img/doganlar/doganlar_12.png]
[tasarimussu.com.tr/img/doganlar/doganlar_13.png]
[tasarimussu.com.tr/img/doganlar/doganlar_14.png]
[tasarimussu.com.tr/portfolyo_urun_02.html]
[tasarimussu.com.tr/img/vitra/vitra_01.png]
[tasarimussu.com.tr/portfolyo_urun_01.html]
[tasarimussu.com.tr/en/img/gobek/gobek3570.html]
[tasarimussu.com.tr/en/img/asinfarm/asinfarm_03.html]
[tasarimussu.com.tr/en/portfolyo_urun_25.html]
[tasarimussu.com.tr/en/portfolyo_urun_24.html]
[tasarimussu.com.tr/img/trposm/trposming.png]
[tasarimussu.com.tr/img/trposm/trposm2ing.png]
[tasarimussu.com.tr/en/portfolyo_urun_23.html]
[tasarimussu.com.tr/en/portfolyo_urun_22.html]
[tasarimussu.com.tr/en/portfolyo_urun_21.html]
[tasarimussu.com.tr/img/Starbucks/starbucks0ing.png]
[tasarimussu.com.tr/img/Starbucks/starbucks1ing.png]
[tasarimussu.com.tr/img/Starbucks/starbucks2ing.png]
[tasarimussu.com.tr/img/Starbucks/starbucks3ing.png]
[tasarimussu.com.tr/en/portfolyo_urun_20.html]
[tasarimussu.com.tr/en/portfolyo_urun_19.html]
[tasarimussu.com.tr/img/etizaga/Etizaga2.png]
[tasarimussu.com.tr/img/etizaga/Etizaga3.png]
[tasarimussu.com.tr/img/etizaga/Etizaga.png]
[tasarimussu.com.tr/en/portfolyo_urun_18.html]
[tasarimussu.com.tr/en/portfolyo_urun_17.html]
[tasarimussu.com.tr/en/portfolyo_urun_16.html]
[tasarimussu.com.tr/en/portfolyo_urun_15.html]
[tasarimussu.com.tr/img/etisticks/etisticks1_ıng.png]
[tasarimussu.com.tr/img/etisticks/etisticks2_ıng.png]
[tasarimussu.com.tr/img/etisticks/etisticks3_ıng.png]
[tasarimussu.com.tr/en/portfolyo_urun_14.html]
[tasarimussu.com.tr/en/portfolyo_urun_13.html]
[tasarimussu.com.tr/en/portfolyo_urun_12.html]
[tasarimussu.com.tr/en/portfolyo_urun_11.html]
[tasarimussu.com.tr/en/portfolyo_urun_10.html]
[tasarimussu.com.tr/en/portfolyo_urun_09.html]
[tasarimussu.com.tr/en/portfolyo_urun_08.html]
[tasarimussu.com.tr/img/ritzenhoff/ritzenhoff_09ing.png]
[tasarimussu.com.tr/img/ritzenhoff/ritzenhoff_10ing.png]
[tasarimussu.com.tr/en/portfolyo_urun_07.html]
[tasarimussu.com.tr/en/portfolyo_urun_06.html]
[tasarimussu.com.tr/en/portfolyo_urun_05.html]
[tasarimussu.com.tr/en/portfolyo_urun_04.html]
[tasarimussu.com.tr/en/portfolyo_urun_03.html]
[tasarimussu.com.tr/en/portfolyo_urun_02.html]
[tasarimussu.com.tr/en/portfolyo_urun_01.html]
[tasarimussu.com.tr/en/img/ritzenhoff/ritzenhoff_11.html]
[tasarimussu.com.tr/en/img/ritzenhoff/ritzenhoff_12.html]
[tasarimussu.com.tr/en/en/img/vitra/vitra_01.html]
